[     288ms] [ERROR] The Cross-Origin-Opener-Policy header has been ignored, because the URL's origin was untrustworthy. It was defined either in the final response or a redirect. Please deliver the response using the HTTPS protocol. You can also use the 'localhost' origin instead. See https://www.w3.org/TR/powerful-features/#potentially-trustworthy-origin and https://html.spec.whatwg.org/#the-cross-origin-opener-policy-header. @ http://osiqueira.lvh.me:3000/login:0
[     489ms] [INFO] %cDownload the React DevTools for a better development experience: https://react.dev/link/react-devtools font-weight:bold @ http://osiqueira.lvh.me:3000/_next/static/chunks/node_modules_next_dist_1ybzpk2._.js:2489
[     499ms] [ERROR] eval() is not supported in this environment. If this page was served with a `Content-Security-Policy` header, make sure that `unsafe-eval` is included. React requires eval() in development mode for various debugging features like reconstructing callstacks from a different environment.
React will never use eval() in production mode @ http://osiqueira.lvh.me:3000/_next/static/chunks/node_modules_next_dist_1ybzpk2._.js:3330
[     591ms] [ERROR] WebSocket connection to 'ws://osiqueira.lvh.me:3000/_next/webpack-hmr?id=wHry1D8G7DwBKdkbGkXNQ' failed: Error during WebSocket handshake: net::ERR_INVALID_HTTP_RESPONSE @ http://osiqueira.lvh.me:3000/_next/static/chunks/node_modules_next_dist_client_0r5nbpw._.js:13422
[    1599ms] [ERROR] WebSocket connection to 'ws://osiqueira.lvh.me:3000/_next/webpack-hmr?id=wHry1D8G7DwBKdkbGkXNQ' failed: Error during WebSocket handshake: net::ERR_INVALID_HTTP_RESPONSE @ http://osiqueira.lvh.me:3000/_next/static/chunks/node_modules_next_dist_client_0r5nbpw._.js:13422
[    2606ms] [ERROR] WebSocket connection to 'ws://osiqueira.lvh.me:3000/_next/webpack-hmr?id=wHry1D8G7DwBKdkbGkXNQ' failed: Error during WebSocket handshake: net::ERR_INVALID_HTTP_RESPONSE @ http://osiqueira.lvh.me:3000/_next/static/chunks/node_modules_next_dist_client_0r5nbpw._.js:13422
[    3613ms] [ERROR] WebSocket connection to 'ws://osiqueira.lvh.me:3000/_next/webpack-hmr?id=wHry1D8G7DwBKdkbGkXNQ' failed: Error during WebSocket handshake: net::ERR_INVALID_HTTP_RESPONSE @ http://osiqueira.lvh.me:3000/_next/static/chunks/node_modules_next_dist_client_0r5nbpw._.js:13422
[    3631ms] [WARNING] The resource http://osiqueira.lvh.me:3000/_next/static/media/6ad1cda2f16975ee-s.p.2j22bd4n1tlhh.woff2 was preloaded using link preload but not used within a few seconds from the window's load event. Please make sure it has an appropriate `as` value and it is preloaded intentionally. @ http://osiqueira.lvh.me:3000/login:0
[    3631ms] [WARNING] The resource http://osiqueira.lvh.me:3000/_next/static/media/a343f882a40d2cc9-s.p.1sj6eobyi31rd.woff2 was preloaded using link preload but not used within a few seconds from the window's load event. Please make sure it has an appropriate `as` value and it is preloaded intentionally. @ http://osiqueira.lvh.me:3000/login:0
[    4624ms] [ERROR] WebSocket connection to 'ws://osiqueira.lvh.me:3000/_next/webpack-hmr?id=wHry1D8G7DwBKdkbGkXNQ' failed: Error during WebSocket handshake: net::ERR_INVALID_HTTP_RESPONSE @ http://osiqueira.lvh.me:3000/_next/static/chunks/node_modules_next_dist_client_0r5nbpw._.js:13422
[    5630ms] [ERROR] WebSocket connection to 'ws://osiqueira.lvh.me:3000/_next/webpack-hmr?id=wHry1D8G7DwBKdkbGkXNQ' failed: Error during WebSocket handshake: net::ERR_INVALID_HTTP_RESPONSE @ http://osiqueira.lvh.me:3000/_next/static/chunks/node_modules_next_dist_client_0r5nbpw._.js:13422
[   10645ms] [ERROR] WebSocket connection to 'ws://osiqueira.lvh.me:3000/_next/webpack-hmr?id=wHry1D8G7DwBKdkbGkXNQ' failed: Error during WebSocket handshake: net::ERR_INVALID_HTTP_RESPONSE @ http://osiqueira.lvh.me:3000/_next/static/chunks/node_modules_next_dist_client_0r5nbpw._.js:13422
[   15666ms] [ERROR] WebSocket connection to 'ws://osiqueira.lvh.me:3000/_next/webpack-hmr?id=wHry1D8G7DwBKdkbGkXNQ' failed: Error during WebSocket handshake: net::ERR_INVALID_HTTP_RESPONSE @ http://osiqueira.lvh.me:3000/_next/static/chunks/node_modules_next_dist_client_0r5nbpw._.js:13422
[   20712ms] [ERROR] WebSocket connection to 'ws://osiqueira.lvh.me:3000/_next/webpack-hmr?id=wHry1D8G7DwBKdkbGkXNQ' failed: Error during WebSocket handshake: net::ERR_INVALID_HTTP_RESPONSE @ http://osiqueira.lvh.me:3000/_next/static/chunks/node_modules_next_dist_client_0r5nbpw._.js:13422
[   25758ms] [ERROR] WebSocket connection to 'ws://osiqueira.lvh.me:3000/_next/webpack-hmr?id=wHry1D8G7DwBKdkbGkXNQ' failed: Error during WebSocket handshake: net::ERR_INVALID_HTTP_RESPONSE @ http://osiqueira.lvh.me:3000/_next/static/chunks/node_modules_next_dist_client_0r5nbpw._.js:13422
[   30816ms] [ERROR] WebSocket connection to 'ws://osiqueira.lvh.me:3000/_next/webpack-hmr?id=wHry1D8G7DwBKdkbGkXNQ' failed: Error during WebSocket handshake: net::ERR_INVALID_HTTP_RESPONSE @ http://osiqueira.lvh.me:3000/_next/static/chunks/node_modules_next_dist_client_0r5nbpw._.js:13422
[   36027ms] [ERROR] WebSocket connection to 'ws://osiqueira.lvh.me:3000/_next/webpack-hmr?id=wHry1D8G7DwBKdkbGkXNQ' failed: Error during WebSocket handshake: net::ERR_INVALID_HTTP_RESPONSE @ http://osiqueira.lvh.me:3000/_next/static/chunks/node_modules_next_dist_client_0r5nbpw._.js:13422
[   41246ms] [ERROR] WebSocket connection to 'ws://osiqueira.lvh.me:3000/_next/webpack-hmr?id=wHry1D8G7DwBKdkbGkXNQ' failed: Error during WebSocket handshake: net::ERR_INVALID_HTTP_RESPONSE @ http://osiqueira.lvh.me:3000/_next/static/chunks/node_modules_next_dist_client_0r5nbpw._.js:13422
[   41491ms] [ERROR] The Cross-Origin-Opener-Policy header has been ignored, because the URL's origin was untrustworthy. It was defined either in the final response or a redirect. Please deliver the response using the HTTPS protocol. You can also use the 'localhost' origin instead. See https://www.w3.org/TR/powerful-features/#potentially-trustworthy-origin and https://html.spec.whatwg.org/#the-cross-origin-opener-policy-header. @ http://osiqueira.lvh.me:3000/login:0
[   41536ms] [INFO] %cDownload the React DevTools for a better development experience: https://react.dev/link/react-devtools font-weight:bold @ http://osiqueira.lvh.me:3000/_next/static/chunks/node_modules_next_dist_1ybzpk2._.js:2489
[   41541ms] [ERROR] eval() is not supported in this environment. If this page was served with a `Content-Security-Policy` header, make sure that `unsafe-eval` is included. React requires eval() in development mode for various debugging features like reconstructing callstacks from a different environment.
React will never use eval() in production mode @ http://osiqueira.lvh.me:3000/_next/static/chunks/node_modules_next_dist_1ybzpk2._.js:3330
[   42185ms] [ERROR] WebSocket connection to 'ws://osiqueira.lvh.me:3000/_next/webpack-hmr?id=Dpg74xr2mQqwotTVW9XAb' failed: Error during WebSocket handshake: net::ERR_INVALID_HTTP_RESPONSE @ http://osiqueira.lvh.me:3000/_next/static/chunks/node_modules_next_dist_client_0r5nbpw._.js:13422
[   44757ms] [ERROR] WebSocket connection to 'ws://osiqueira.lvh.me:3000/_next/webpack-hmr?id=Dpg74xr2mQqwotTVW9XAb' failed: Error during WebSocket handshake: net::ERR_INVALID_HTTP_RESPONSE @ http://osiqueira.lvh.me:3000/_next/static/chunks/node_modules_next_dist_client_0r5nbpw._.js:13422
[   47857ms] [ERROR] WebSocket connection to 'ws://osiqueira.lvh.me:3000/_next/webpack-hmr?id=Dpg74xr2mQqwotTVW9XAb' failed: Error during WebSocket handshake: net::ERR_INVALID_HTTP_RESPONSE @ http://osiqueira.lvh.me:3000/_next/static/chunks/node_modules_next_dist_client_0r5nbpw._.js:13422
[   50117ms] [ERROR] WebSocket connection to 'ws://osiqueira.lvh.me:3000/_next/webpack-hmr?id=Dpg74xr2mQqwotTVW9XAb' failed: Error during WebSocket handshake: net::ERR_INVALID_HTTP_RESPONSE @ http://osiqueira.lvh.me:3000/_next/static/chunks/node_modules_next_dist_client_0r5nbpw._.js:13422
[   54826ms] [ERROR] WebSocket connection to 'ws://osiqueira.lvh.me:3000/_next/webpack-hmr?id=Dpg74xr2mQqwotTVW9XAb' failed: Error during WebSocket handshake: net::ERR_INVALID_HTTP_RESPONSE @ http://osiqueira.lvh.me:3000/_next/static/chunks/node_modules_next_dist_client_0r5nbpw._.js:13422
[   58478ms] [ERROR] WebSocket connection to 'ws://osiqueira.lvh.me:3000/_next/webpack-hmr?id=Dpg74xr2mQqwotTVW9XAb' failed: Error during WebSocket handshake: net::ERR_INVALID_HTTP_RESPONSE @ http://osiqueira.lvh.me:3000/_next/static/chunks/node_modules_next_dist_client_0r5nbpw._.js:13422
[   64859ms] [ERROR] WebSocket connection to 'ws://osiqueira.lvh.me:3000/_next/webpack-hmr?id=Dpg74xr2mQqwotTVW9XAb' failed: Error during WebSocket handshake: net::ERR_INVALID_HTTP_RESPONSE @ http://osiqueira.lvh.me:3000/_next/static/chunks/node_modules_next_dist_client_0r5nbpw._.js:13422
[   71919ms] [ERROR] WebSocket connection to 'ws://osiqueira.lvh.me:3000/_next/webpack-hmr?id=Dpg74xr2mQqwotTVW9XAb' failed: Error during WebSocket handshake: net::ERR_INVALID_HTTP_RESPONSE @ http://osiqueira.lvh.me:3000/_next/static/chunks/node_modules_next_dist_client_0r5nbpw._.js:13422
