[     398ms] [ERROR] The Cross-Origin-Opener-Policy header has been ignored, because the URL's origin was untrustworthy. It was defined either in the final response or a redirect. Please deliver the response using the HTTPS protocol. You can also use the 'localhost' origin instead. See https://www.w3.org/TR/powerful-features/#potentially-trustworthy-origin and https://html.spec.whatwg.org/#the-cross-origin-opener-policy-header. @ http://osiqueira.lvh.me:3000/login:0
[     440ms] [ERROR] Failed to load resource: net::ERR_SSL_PROTOCOL_ERROR @ https://osiqueira.lvh.me:3000/_next/static/chunks/%5Broot-of-the-server%5D__0nf85kr._.css:0
[     440ms] [ERROR] Failed to load resource: net::ERR_SSL_PROTOCOL_ERROR @ https://osiqueira.lvh.me:3000/_next/static/media/6ad1cda2f16975ee-s.p.2j22bd4n1tlhh.woff2:0
[     440ms] [ERROR] Failed to load resource: net::ERR_SSL_PROTOCOL_ERROR @ https://osiqueira.lvh.me:3000/_next/static/media/a343f882a40d2cc9-s.p.1sj6eobyi31rd.woff2:0
[     440ms] [ERROR] Failed to load resource: net::ERR_SSL_PROTOCOL_ERROR @ https://osiqueira.lvh.me:3000/logo.svg:0
[     440ms] [ERROR] Failed to load resource: net::ERR_SSL_PROTOCOL_ERROR @ https://osiqueira.lvh.me:3000/_next/static/chunks/%5Bturbopack%5D_browser_dev_hmr-client_hmr-client_ts_1xx01vv._.js:0
[     441ms] [ERROR] Failed to load resource: net::ERR_SSL_PROTOCOL_ERROR @ https://osiqueira.lvh.me:3000/_next/static/chunks/node_modules_next_dist_compiled_next-devtools_index_090k2jm.js:0
[     500ms] [ERROR] Failed to load resource: net::ERR_SSL_PROTOCOL_ERROR @ https://osiqueira.lvh.me:3000/manifest.webmanifest:0
[     500ms] [ERROR] Failed to load resource: net::ERR_SSL_PROTOCOL_ERROR @ https://osiqueira.lvh.me:3000/_next/static/chunks/node_modules_next_dist_compiled_react-dom_096_9a-._.js:0
[     500ms] [ERROR] Failed to load resource: net::ERR_SSL_PROTOCOL_ERROR @ https://osiqueira.lvh.me:3000/_next/static/chunks/node_modules_next_dist_compiled_react-server-dom-turbopack_164kp-6._.js:0
[     500ms] [ERROR] Failed to load resource: net::ERR_SSL_PROTOCOL_ERROR @ https://osiqueira.lvh.me:3000/_next/static/chunks/node_modules_next_dist_compiled_1amofcm._.js:0
[     500ms] [ERROR] Failed to load resource: net::ERR_SSL_PROTOCOL_ERROR @ https://osiqueira.lvh.me:3000/_next/static/chunks/node_modules_next_dist_client_0r5nbpw._.js:0
[     500ms] [ERROR] Failed to load resource: net::ERR_SSL_PROTOCOL_ERROR @ https://osiqueira.lvh.me:3000/_next/static/chunks/node_modules_next_dist_1ybzpk2._.js:0
[     500ms] [ERROR] Failed to load resource: net::ERR_SSL_PROTOCOL_ERROR @ https://osiqueira.lvh.me:3000/_next/static/chunks/node_modules_%40swc_helpers_cjs_1r9vbqw._.js:0
[     500ms] [ERROR] Failed to load resource: net::ERR_SSL_PROTOCOL_ERROR @ https://osiqueira.lvh.me:3000/_next/static/chunks/_1anvha4._.js:0
[     500ms] [ERROR] Failed to load resource: net::ERR_SSL_PROTOCOL_ERROR @ https://osiqueira.lvh.me:3000/_next/static/chunks/turbopack-_01_ro95._.js:0
[     500ms] [ERROR] Failed to load resource: net::ERR_SSL_PROTOCOL_ERROR @ https://osiqueira.lvh.me:3000/_next/static/chunks/node_modules_firebase_1-k1etv._.js:0
[     500ms] [ERROR] Failed to load resource: net::ERR_SSL_PROTOCOL_ERROR @ https://osiqueira.lvh.me:3000/_next/static/chunks/node_modules_1brqyyp._.js:0
[     500ms] [ERROR] Failed to load resource: net::ERR_SSL_PROTOCOL_ERROR @ https://osiqueira.lvh.me:3000/_next/static/chunks/src_1st5dsp._.js:0
[     500ms] [ERROR] Failed to load resource: net::ERR_SSL_PROTOCOL_ERROR @ https://osiqueira.lvh.me:3000/_next/static/chunks/src_app_layout_tsx_007e4b2._.js:0
[     500ms] [ERROR] Failed to load resource: net::ERR_SSL_PROTOCOL_ERROR @ https://osiqueira.lvh.me:3000/_next/static/chunks/node_modules_0vp-6er._.js:0
[     500ms] [ERROR] Failed to load resource: net::ERR_SSL_PROTOCOL_ERROR @ https://osiqueira.lvh.me:3000/_next/static/chunks/src_1pmi9ic._.js:0
[     500ms] [ERROR] Failed to load resource: net::ERR_SSL_PROTOCOL_ERROR @ https://osiqueira.lvh.me:3000/_next/static/chunks/src_app_login_page_tsx_1g9lzho._.js:0
[     500ms] [ERROR] Failed to load resource: net::ERR_SSL_PROTOCOL_ERROR @ https://osiqueira.lvh.me:3000/_next/static/chunks/node_modules_next_dist_client_components_builtin_global-error_1g9lzho.js:0
[     508ms] [ERROR] Failed to load resource: net::ERR_SSL_PROTOCOL_ERROR @ https://osiqueira.lvh.me:3000/logo.svg:0
[     510ms] [ERROR] Failed to load resource: net::ERR_SSL_PROTOCOL_ERROR @ https://osiqueira.lvh.me:3000/icons/favicon-32.png:0
[    3513ms] [WARNING] The resource https://osiqueira.lvh.me:3000/_next/static/media/a343f882a40d2cc9-s.p.1sj6eobyi31rd.woff2 was preloaded using link preload but not used within a few seconds from the window's load event. Please make sure it has an appropriate `as` value and it is preloaded intentionally. @ http://osiqueira.lvh.me:3000/login:0
[    3514ms] [WARNING] The resource https://osiqueira.lvh.me:3000/_next/static/media/6ad1cda2f16975ee-s.p.2j22bd4n1tlhh.woff2 was preloaded using link preload but not used within a few seconds from the window's load event. Please make sure it has an appropriate `as` value and it is preloaded intentionally. @ http://osiqueira.lvh.me:3000/login:0
